[kl-webmedia.com/demo/bromine/index1.html]
[backblue.gif]
[fade.gif]
[index.html]
[kl-webmedia.com/demo/bromine/index2.html]
[kl-webmedia.com/demo/bromine/index3.html]
[kl-webmedia.com/demo/bromine/categories.html]
[kl-webmedia.com/demo/bromine/courses-3-col.html]
[kl-webmedia.com/demo/bromine/courses-4-col.html]
[kl-webmedia.com/demo/bromine/courses-gallery.html]
[kl-webmedia.com/demo/bromine/course-single.html]
[kl-webmedia.com/demo/bromine/courses-list.html]
[kl-webmedia.com/demo/bromine/courses-list-sidebar.html]
[kl-webmedia.com/demo/bromine/courses-sidebar.html]
[kl-webmedia.com/demo/bromine/how-it-works.html]
[kl-webmedia.com/demo/bromine/pricing.html]
[kl-webmedia.com/demo/bromine/services-1.html]
[kl-webmedia.com/demo/bromine/services-2.html]
[kl-webmedia.com/demo/bromine/teachers.html]
[kl-webmedia.com/demo/bromine/teacher-single.html]
[kl-webmedia.com/demo/bromine/blog1.html]
[kl-webmedia.com/demo/bromine/blog2.html]
[kl-webmedia.com/demo/bromine/contact.html]
[kl-webmedia.com/demo/bromine/assets/images/cart1.jpg]
[kl-webmedia.com/demo/bromine/assets/images/cart2.jpg]
[kl-webmedia.com/demo/bromine/assets/images/logo.png]
[kl-webmedia.com/demo/bromine/assets/images/header-slider/slide-1.jpg]
[kl-webmedia.com/demo/bromine/assets/images/header-slider/slide-2.jpg]
[kl-webmedia.com/demo/bromine/assets/images/header-slider/slide-3.jpg]
[kl-webmedia.com/demo/bromine/assets/images/features/feature-1.png]
[kl-webmedia.com/demo/bromine/assets/images/features/feature-2.png]
[kl-webmedia.com/demo/bromine/assets/images/features/feature-3.png]
[kl-webmedia.com/demo/bromine/assets/images/features/feature-4.png]
[kl-webmedia.com/demo/bromine/assets/images/features/feature-5.png]
[kl-webmedia.com/demo/bromine/assets/images/categories/1.png]
[kl-webmedia.com/demo/bromine/assets/images/categories/2.png]
[kl-webmedia.com/demo/bromine/assets/images/categories/3.png]
[kl-webmedia.com/demo/bromine/assets/images/categories/4.png]
[kl-webmedia.com/demo/bromine/assets/images/categories/5.png]
[kl-webmedia.com/demo/bromine/assets/images/categories/6.png]
[kl-webmedia.com/demo/bromine/assets/images/categories/7.png]
[kl-webmedia.com/demo/bromine/assets/images/categories/8.png]
[kl-webmedia.com/demo/bromine/assets/images/popular/1.jpg]
[kl-webmedia.com/demo/bromine/assets/images/popular/2.jpg]
[kl-webmedia.com/demo/bromine/assets/images/popular/3.jpg]
[kl-webmedia.com/demo/bromine/assets/images/avatar.png]
[kl-webmedia.com/demo/bromine/index.html]
[kl-webmedia.com/demo/bromine/assets/images/payments/1.png]
[kl-webmedia.com/demo/bromine/assets/images/payments/2.png]
[kl-webmedia.com/demo/bromine/assets/images/payments/3.png]
[kl-webmedia.com/demo/bromine/assets/images/payments/4.png]
[kl-webmedia.com/demo/bromine/assets/images/payments/5.png]
[kl-webmedia.com/demo/bromine/assets/libs/jquery/jquery.js]
[kl-webmedia.com/demo/bromine/assets/libs/bootstrap/js/bootstrap.min.js]
[kl-webmedia.com/demo/bromine/assets/libs/rslides/responsiveslides.min.js]
[kl-webmedia.com/demo/bromine/assets/libs/jquery-ui/jquery-ui.min.js]
[kl-webmedia.com/demo/bromine/assets/libs/slick/slick.min.js]
[kl-webmedia.com/demo/bromine/assets/js/main.js]
[kl-webmedia.com/demo/bromine/index1.html]
[kl-webmedia.com/demo/bromine/assets/libs/bootstrap/fonts/glyphicons-halflings-regular.eot]
[kl-webmedia.com/demo/bromine/assets/libs/bootstrap/fonts/glyphicons-halflings-regulard41d.eot]
[kl-webmedia.com/demo/bromine/assets/libs/bootstrap/fonts/glyphicons-halflings-regular.woff]
[kl-webmedia.com/demo/bromine/assets/libs/bootstrap/fonts/glyphicons-halflings-regular.ttf]
[kl-webmedia.com/demo/bromine/assets/libs/bootstrap/css/bootstrap.min.css]
[kl-webmedia.com/demo/bromine/assets/libs/material-design-iconic-font/fonts/Material-Design-Iconic-Fontd1f1.woff]
[kl-webmedia.com/demo/bromine/assets/libs/material-design-iconic-font/fonts/Material-Design-Iconic-Fontd1f1.ttf]
[kl-webmedia.com/demo/bromine/assets/libs/material-design-iconic-font/css/material-design-iconic-font.min.css]
[kl-webmedia.com/demo/bromine/assets/libs/jquery-ui/images/ui-icons_444444_256x240.png]
[kl-webmedia.com/demo/bromine/assets/libs/jquery-ui/images/ui-icons_555555_256x240.png]
[kl-webmedia.com/demo/bromine/assets/libs/jquery-ui/images/ui-icons_ffffff_256x240.png]
[kl-webmedia.com/demo/bromine/assets/libs/jquery-ui/images/ui-icons_777620_256x240.png]
[kl-webmedia.com/demo/bromine/assets/libs/jquery-ui/images/ui-icons_cc0000_256x240.png]
[kl-webmedia.com/demo/bromine/assets/libs/jquery-ui/images/ui-icons_777777_256x240.png]
[kl-webmedia.com/demo/bromine/assets/libs/jquery-ui/jquery-ui.min.css]
[kl-webmedia.com/demo/bromine/assets/libs/rslides/responsiveslides.css]
[kl-webmedia.com/demo/bromine/assets/libs/slick/slick.css]
[kl-webmedia.com/demo/bromine/assets/images/right-arrow.png]
[kl-webmedia.com/demo/bromine/assets/images/categories/hover-bg.png]
[kl-webmedia.com/demo/bromine/assets/images/signup-background.jpg]
[kl-webmedia.com/demo/bromine/assets/images/woman-laptop.jpg]
[kl-webmedia.com/demo/bromine/assets/images/featured-bg.jpg]
[kl-webmedia.com/demo/bromine/assets/images/platform-bg.jpg]
[kl-webmedia.com/demo/bromine/assets/images/ready-bg.jpg]
[kl-webmedia.com/demo/bromine/assets/images/categories-bg/1.jpg]
[kl-webmedia.com/demo/bromine/assets/images/categories-bg/2.jpg]
[kl-webmedia.com/demo/bromine/assets/images/categories-bg/3.jpg]
[kl-webmedia.com/demo/bromine/assets/images/categories-bg/4.jpg]
[kl-webmedia.com/demo/bromine/assets/images/categories-bg/5.jpg]
[kl-webmedia.com/demo/bromine/assets/images/categories-bg/6.jpg]
[kl-webmedia.com/demo/bromine/assets/images/signup-background2.jpg]
[kl-webmedia.com/demo/bromine/assets/images/dropdown.png]
[kl-webmedia.com/demo/bromine/assets/images/dropdown-hover.png]
[kl-webmedia.com/demo/bromine/assets/images/starttoday.jpg]
[kl-webmedia.com/demo/bromine/assets/images/closed.png]
[kl-webmedia.com/demo/bromine/assets/images/open.png]
[kl-webmedia.com/demo/bromine/assets/images/instagram-overlay.jpg]
[kl-webmedia.com/demo/bromine/assets/images/location.png]
[kl-webmedia.com/demo/bromine/assets/images/phone.png]
[kl-webmedia.com/demo/bromine/assets/images/email.png]
[kl-webmedia.com/demo/bromine/assets/css/main.css]
[kl-webmedia.com/demo/bromine/assets/images/features2/feature-1.png]
[kl-webmedia.com/demo/bromine/assets/images/features2/feature-2.png]
[kl-webmedia.com/demo/bromine/assets/images/features2/feature-3.png]
[kl-webmedia.com/demo/bromine/assets/images/features2/feature-4.png]
[kl-webmedia.com/demo/bromine/assets/images/features2/feature-5.png]
[kl-webmedia.com/demo/bromine/assets/images/avatars/1.png]
[kl-webmedia.com/demo/bromine/assets/images/avatars/profile.png]
[kl-webmedia.com/demo/bromine/assets/images/avatars/2.png]
[kl-webmedia.com/demo/bromine/assets/images/avatars/3.png]
[kl-webmedia.com/demo/bromine/assets/images/avatars/4.png]
[kl-webmedia.com/demo/bromine/assets/images/avatars/5.png]
[kl-webmedia.com/demo/bromine/assets/images/avatars/6.png]
[kl-webmedia.com/demo/bromine/assets/images/platform/1.png]
[kl-webmedia.com/demo/bromine/assets/images/platform/2.png]
[kl-webmedia.com/demo/bromine/assets/images/platform/3.png]
[kl-webmedia.com/demo/bromine/assets/images/platform/browser.png]
[kl-webmedia.com/demo/bromine/assets/images/clients/1.png]
[kl-webmedia.com/demo/bromine/assets/images/clients/2.png]
[kl-webmedia.com/demo/bromine/assets/images/clients/3.png]
[kl-webmedia.com/demo/bromine/assets/images/clients/4.png]
[kl-webmedia.com/demo/bromine/assets/images/clients/5.png]
[kl-webmedia.com/demo/bromine/assets/images/clients/6.png]
[kl-webmedia.com/demo/bromine/index2.html]
[kl-webmedia.com/demo/bromine/index3.html]
[kl-webmedia.com/demo/bromine/categories.html]
[kl-webmedia.com/demo/bromine/assets/images/popular/4.jpg]
[kl-webmedia.com/demo/bromine/assets/images/popular/5.jpg]
[kl-webmedia.com/demo/bromine/assets/images/popular/6.jpg]
[kl-webmedia.com/demo/bromine/assets/images/popular/7.jpg]
[kl-webmedia.com/demo/bromine/assets/images/popular/8.jpg]
[kl-webmedia.com/demo/bromine/assets/images/popular/9.jpg]
[kl-webmedia.com/demo/bromine/courses-3-col.html]
[kl-webmedia.com/demo/bromine/assets/images/popular/201.jpg]
[kl-webmedia.com/demo/bromine/assets/images/popular/202.jpg]
[kl-webmedia.com/demo/bromine/assets/images/popular/203.jpg]
[kl-webmedia.com/demo/bromine/assets/images/popular/204.jpg]
[kl-webmedia.com/demo/bromine/assets/images/popular/205.jpg]
[kl-webmedia.com/demo/bromine/assets/images/popular/206.jpg]
[kl-webmedia.com/demo/bromine/assets/images/popular/207.jpg]
[kl-webmedia.com/demo/bromine/assets/images/popular/208.jpg]
[kl-webmedia.com/demo/bromine/courses-4-col.html]
[kl-webmedia.com/demo/bromine/courses-gallery.html]
[kl-webmedia.com/demo/bromine/assets/images/preview.jpg]
[kl-webmedia.com/demo/bromine/assets/images/comment1.png]
[kl-webmedia.com/demo/bromine/assets/images/comment2.png]
[kl-webmedia.com/demo/bromine/course-single.html]
[kl-webmedia.com/demo/bromine/assets/images/popular/301.jpg]
[kl-webmedia.com/demo/bromine/assets/images/popular/302.jpg]
[kl-webmedia.com/demo/bromine/assets/images/popular/303.jpg]
[kl-webmedia.com/demo/bromine/assets/images/popular/304.jpg]
[kl-webmedia.com/demo/bromine/courses-list.html]
[kl-webmedia.com/demo/bromine/courses-list-sidebar.html]
[kl-webmedia.com/demo/bromine/courses-sidebar.html]
[kl-webmedia.com/demo/bromine/how-it-works.html]
[kl-webmedia.com/demo/bromine/pricing.html]
[kl-webmedia.com/demo/bromine/assets/images/platform/101.png]
[kl-webmedia.com/demo/bromine/assets/images/platform/102.png]
[kl-webmedia.com/demo/bromine/assets/images/platform/103.png]
[kl-webmedia.com/demo/bromine/services-1.html]
[kl-webmedia.com/demo/bromine/services-2.html]
[kl-webmedia.com/demo/bromine/assets/images/avatars/7.png]
[kl-webmedia.com/demo/bromine/assets/images/avatars/8.png]
[kl-webmedia.com/demo/bromine/assets/images/avatars/9.png]
[kl-webmedia.com/demo/bromine/assets/images/avatars/10.png]
[kl-webmedia.com/demo/bromine/assets/images/avatars/11.png]
[kl-webmedia.com/demo/bromine/assets/images/avatars/12.png]
[kl-webmedia.com/demo/bromine/teachers.html]
[kl-webmedia.com/demo/bromine/teacher-single.html]
[kl-webmedia.com/demo/bromine/assets/images/teacher.png]
[kl-webmedia.com/demo/bromine/assets/images/recent1.jpg]
[kl-webmedia.com/demo/bromine/assets/images/recent2.jpg]
[kl-webmedia.com/demo/bromine/assets/images/recent3.jpg]
[kl-webmedia.com/demo/bromine/assets/images/instagram1.jpg]
[kl-webmedia.com/demo/bromine/assets/images/instagram2.jpg]
[kl-webmedia.com/demo/bromine/assets/images/instagram3.jpg]
[kl-webmedia.com/demo/bromine/assets/images/instagram4.jpg]
[kl-webmedia.com/demo/bromine/assets/images/instagram5.jpg]
[kl-webmedia.com/demo/bromine/assets/images/instagram6.jpg]
[kl-webmedia.com/demo/bromine/assets/images/instagram7.jpg]
[kl-webmedia.com/demo/bromine/assets/images/instagram8.jpg]
[kl-webmedia.com/demo/bromine/blog1.html]
[kl-webmedia.com/demo/bromine/blog2.html]
[kl-webmedia.com/demo/bromine/contact.html]
[kl-webmedia.com/demo/bromine/assets/images/header-slider/slide-1.jpg]
[kl-webmedia.com/demo/bromine/index.html]
[kl-webmedia.com/demo/bromine/assets/libs/bootstrap/fonts/glyphicons-halflings-regular.html]
[kl-webmedia.com/demo/bromine/assets/images/header-slider/slide-2.jpg]
[kl-webmedia.com/demo/bromine/assets/libs/bootstrap/fonts/glyphicons-halflings-regular.svg]
[kl-webmedia.com/demo/bromine/assets/libs/material-design-iconic-font/fonts/Material-Design-Iconic-Fontd1f1.html]
